// Vitest Snapshot v1, https://vitest.dev/guide/snapshot.html

exports[`ErrorBoundary Component > should render fallback UI when an error is thrown 1`] = `
<DocumentFragment>
  <h1
    data-testid="error-component"
  >
    Something is wrong
  </h1>
</DocumentFragment>
`;
